# Test the parser on a graph that contains several nodes  generic version-Jun Wang 5:00
# with two edges each.

loaded graph heroes
the children of Ernst-the-Bicycling-Wizard in heroes are: Grossman-the-Youngest-of-them-all(CSE331) Notkin-of-the-Superhuman-Beard(CSE331) Notkin-of-the-Superhuman-Beard(CSE403) Perkins-the-Magical-Singing-Instructor(CSE331)