Menu:
	r to find a route
	b to see a list of all buildings
	q to quit

Enter an option ('m' to see the menu): # this is to test echoing empty lines and 
# lines starting with #.

# works well

# terminate program