# Find a path with Dijkstra's algorithm when there is no graph at all hw7

created graph characters

unknown character A
unknown character B