# Find a path with Dijkstra's algorithm when there are two possible paths hw7

created graph characters
added node GORILLA-MAN to characters
added node HAWK to characters
added edge 1.000 from GORILLA-MAN to HAWK in characters
added edge 0.999 from GORILLA-MAN to HAWK in characters

path from GORILLA-MAN to HAWK:
GORILLA-MAN to HAWK with weight 0.999
total cost: 0.999